-------------------------------------------------------------- REMOTE BUILD OUTPUT ---------------------------------------------------------------
--------------------------------------------------------------------------------------------------------------------------------------------------
